// Jest Snapshot v1, https://goo.gl/fbAQLP

exports[`Header 组件测试 Header样式保存,变化后提示 1`] = `
<div
  className="header-box"
  data-test="Header"
>
  <div
    className="header-content"
  >
    TodoList
    <input
      className="header-input"
      data-test="header-input"
      onChange={[Function]}
      onKeyUp={[Function]}
      placeholder="请输入待办事项"
      value=""
    />
  </div>
</div>
`;
